// Jest Snapshot v1, https://goo.gl/fbAQLP

exports[`renders the Error using Snapshots 1`] = `
<p
  className="MuiTypography-root MuiTypography-body1 MuiTypography-colorTextSecondary MuiTypography-gutterBottom"
>
  test
</p>
`;
